[     409ms] [INFO] %cDownload the React DevTools for a better development experience: https://react.dev/link/react-devtools font-weight:bold @ http://localhost:3102/_next/static/chunks/0vwm_next_dist_0runn_5._.js:776
[     504ms] [LOG] [HMR] connected @ http://localhost:3102/_next/static/chunks/0vwm_next_dist_0runn_5._.js:776
[     860ms] [LOG] [Fast Refresh] rebuilding @ http://localhost:3102/_next/static/chunks/0vwm_next_dist_0runn_5._.js:776
[    1701ms] [ERROR] Failed to load resource: the server responded with a status of 500 (Internal Server Error) @ http://localhost:3102/api/reflex/stats:0
[    1705ms] [ERROR] ./src/server/embedder.ts:15:24
Error: Module not found: Can't resolve '@huggingface/transformers'
  13 |   if (!g.__reflexEmbedder) {
  14 |     g.__reflexEmbedder = (async () => {
> 15 |       const tf = await import("@huggingface/transformers");
     |                        ^^^^^^^^^^^^^^^^^^^^^^^^^^^^^^^^^^^
  16 |       const cacheDir = path.join(process.cwd(), ".cache", "models");
  17 |       tf.env.cacheDir = cacheDir;
  18 |       // Pre-downloaded quantized model → load from disk only (network is unreliable); els...

Import trace:
  App Route:
    ./src/server/embedder.ts
    ./src/server/reflexStore.ts
    ./src/app/api/reflex/stats/route.ts

https://nextjs.org/docs/messages/module-not-found @ http://localhost:3102/_next/static/chunks/0vwm_next_dist_0runn_5._.js:1052
[    1705ms] [ERROR] ./src/server/reflexStore.ts:4:1
Error: Module not found: Can't resolve '@moss-dev/moss'
  2 | import fs from "node:fs";
  3 | import path from "node:path";
> 4 | import { MossClient, type SessionIndex } from "@moss-dev/moss";
    | ^^^^^^^^^^^^^^^^^^^^^^^^^^^^^^^^^^^^^^^^^^^^^^^^^^^^^^^^^^^^^^^
  5 | import type { FeedbackRequest, LearnRequest, LookupRequest, LookupResponse, Reflex } from "...
  6 | import { DIM, embed, warm } from "./embedder";
  7 |

Import trace:
  App Route:
    ./src/server/reflexStore.ts
    ./src/app/api/reflex/stats/route.ts

https://nextjs.org/docs/messages/module-not-found @ http://localhost:3102/_next/static/chunks/0vwm_next_dist_0runn_5._.js:1052
[    1706ms] [ERROR] ./src/server/embedder.ts:15:24
Error: Module not found: Can't resolve '@huggingface/transformers'
  13 |   if (!g.__reflexEmbedder) {
  14 |     g.__reflexEmbedder = (async () => {
> 15 |       const tf = await import("@huggingface/transformers");
     |                        ^^^^^^^^^^^^^^^^^^^^^^^^^^^^^^^^^^^
  16 |       const cacheDir = path.join(process.cwd(), ".cache", "models");
  17 |       tf.env.cacheDir = cacheDir;
  18 |       // Pre-downloaded quantized model → load from disk only (network is unreliable); els...

Import trace:
  App Route:
    ./src/server/embedder.ts
    ./src/server/reflexStore.ts
    ./src/app/api/reflex/stats/route.ts

https://nextjs.org/docs/messages/module-not-found @ http://localhost:3102/_next/static/chunks/0vwm_next_dist_0runn_5._.js:1052
[    1706ms] [ERROR] ./src/server/reflexStore.ts:4:1
Error: Module not found: Can't resolve '@moss-dev/moss'
  2 | import fs from "node:fs";
  3 | import path from "node:path";
> 4 | import { MossClient, type SessionIndex } from "@moss-dev/moss";
    | ^^^^^^^^^^^^^^^^^^^^^^^^^^^^^^^^^^^^^^^^^^^^^^^^^^^^^^^^^^^^^^^
  5 | import type { FeedbackRequest, LearnRequest, LookupRequest, LookupResponse, Reflex } from "...
  6 | import { DIM, embed, warm } from "./embedder";
  7 |

Import trace:
  App Route:
    ./src/server/reflexStore.ts
    ./src/app/api/reflex/stats/route.ts

https://nextjs.org/docs/messages/module-not-found @ http://localhost:3102/_next/static/chunks/0vwm_next_dist_0runn_5._.js:1052
[    1706ms] [ERROR] ./src/server/embedder.ts:15:24
Error: Module not found: Can't resolve '@huggingface/transformers'
  13 |   if (!g.__reflexEmbedder) {
  14 |     g.__reflexEmbedder = (async () => {
> 15 |       const tf = await import("@huggingface/transformers");
     |                        ^^^^^^^^^^^^^^^^^^^^^^^^^^^^^^^^^^^
  16 |       const cacheDir = path.join(process.cwd(), ".cache", "models");
  17 |       tf.env.cacheDir = cacheDir;
  18 |       // Pre-downloaded quantized model → load from disk only (network is unreliable); els...

Import trace:
  App Route:
    ./src/server/embedder.ts
    ./src/server/reflexStore.ts
    ./src/app/api/reflex/stats/route.ts

https://nextjs.org/docs/messages/module-not-found @ http://localhost:3102/_next/static/chunks/0vwm_next_dist_0runn_5._.js:1052
[    1706ms] [ERROR] ./src/server/reflexStore.ts:4:1
Error: Module not found: Can't resolve '@moss-dev/moss'
  2 | import fs from "node:fs";
  3 | import path from "node:path";
> 4 | import { MossClient, type SessionIndex } from "@moss-dev/moss";
    | ^^^^^^^^^^^^^^^^^^^^^^^^^^^^^^^^^^^^^^^^^^^^^^^^^^^^^^^^^^^^^^^
  5 | import type { FeedbackRequest, LearnRequest, LookupRequest, LookupResponse, Reflex } from "...
  6 | import { DIM, embed, warm } from "./embedder";
  7 |

Import trace:
  App Route:
    ./src/server/reflexStore.ts
    ./src/app/api/reflex/stats/route.ts

https://nextjs.org/docs/messages/module-not-found @ http://localhost:3102/_next/static/chunks/0vwm_next_dist_0runn_5._.js:1052
[    1805ms] [ERROR] ./src/server/embedder.ts:15:24
Error: Module not found: Can't resolve '@huggingface/transformers'
  13 |   if (!g.__reflexEmbedder) {
  14 |     g.__reflexEmbedder = (async () => {
> 15 |       const tf = await import("@huggingface/transformers");
     |                        ^^^^^^^^^^^^^^^^^^^^^^^^^^^^^^^^^^^
  16 |       const cacheDir = path.join(process.cwd(), ".cache", "models");
  17 |       tf.env.cacheDir = cacheDir;
  18 |       // Pre-downloaded quantized model → load from disk only (network is unreliable); els...

Import trace:
  App Route:
    ./src/server/embedder.ts
    ./src/server/reflexStore.ts
    ./src/app/api/reflex/stats/route.ts

https://nextjs.org/docs/messages/module-not-found @ http://localhost:3102/_next/static/chunks/0vwm_next_dist_0runn_5._.js:1052
[    1806ms] [ERROR] ./src/server/reflexStore.ts:4:1
Error: Module not found: Can't resolve '@moss-dev/moss'
  2 | import fs from "node:fs";
  3 | import path from "node:path";
> 4 | import { MossClient, type SessionIndex } from "@moss-dev/moss";
    | ^^^^^^^^^^^^^^^^^^^^^^^^^^^^^^^^^^^^^^^^^^^^^^^^^^^^^^^^^^^^^^^
  5 | import type { FeedbackRequest, LearnRequest, LookupRequest, LookupResponse, Reflex } from "...
  6 | import { DIM, embed, warm } from "./embedder";
  7 |

Import trace:
  App Route:
    ./src/server/reflexStore.ts
    ./src/app/api/reflex/stats/route.ts

https://nextjs.org/docs/messages/module-not-found @ http://localhost:3102/_next/static/chunks/0vwm_next_dist_0runn_5._.js:1052
[    5645ms] [ERROR] Failed to load resource: the server responded with a status of 500 (Internal Server Error) @ http://localhost:3102/api/reflex/stats:0
[    5666ms] [ERROR] ./src/server/embedder.ts:15:24
Error: Module not found: Can't resolve '@huggingface/transformers'
  13 |   if (!g.__reflexEmbedder) {
  14 |     g.__reflexEmbedder = (async () => {
> 15 |       const tf = await import("@huggingface/transformers");
     |                        ^^^^^^^^^^^^^^^^^^^^^^^^^^^^^^^^^^^
  16 |       const cacheDir = path.join(process.cwd(), ".cache", "models");
  17 |       tf.env.cacheDir = cacheDir;
  18 |       // Pre-downloaded quantized model → load from disk only (network is unreliable); els...

Import trace:
  App Route:
    ./src/server/embedder.ts
    ./src/server/reflexStore.ts
    ./src/app/api/reflex/stats/route.ts

https://nextjs.org/docs/messages/module-not-found @ http://localhost:3102/_next/static/chunks/0vwm_next_dist_0runn_5._.js:1052
[    5666ms] [ERROR] ./src/server/reflexStore.ts:4:1
Error: Module not found: Can't resolve '@moss-dev/moss'
  2 | import fs from "node:fs";
  3 | import path from "node:path";
> 4 | import { MossClient, type SessionIndex } from "@moss-dev/moss";
    | ^^^^^^^^^^^^^^^^^^^^^^^^^^^^^^^^^^^^^^^^^^^^^^^^^^^^^^^^^^^^^^^
  5 | import type { FeedbackRequest, LearnRequest, LookupRequest, LookupResponse, Reflex } from "...
  6 | import { DIM, embed, warm } from "./embedder";
  7 |

Import trace:
  App Route:
    ./src/server/reflexStore.ts
    ./src/app/api/reflex/stats/route.ts

https://nextjs.org/docs/messages/module-not-found @ http://localhost:3102/_next/static/chunks/0vwm_next_dist_0runn_5._.js:1052
[   10648ms] [ERROR] Failed to load resource: the server responded with a status of 500 (Internal Server Error) @ http://localhost:3102/api/reflex/stats:0
[   10667ms] [ERROR] ./src/server/embedder.ts:15:24
Error: Module not found: Can't resolve '@huggingface/transformers'
  13 |   if (!g.__reflexEmbedder) {
  14 |     g.__reflexEmbedder = (async () => {
> 15 |       const tf = await import("@huggingface/transformers");
     |                        ^^^^^^^^^^^^^^^^^^^^^^^^^^^^^^^^^^^
  16 |       const cacheDir = path.join(process.cwd(), ".cache", "models");
  17 |       tf.env.cacheDir = cacheDir;
  18 |       // Pre-downloaded quantized model → load from disk only (network is unreliable); els...

Import trace:
  App Route:
    ./src/server/embedder.ts
    ./src/server/reflexStore.ts
    ./src/app/api/reflex/stats/route.ts

https://nextjs.org/docs/messages/module-not-found @ http://localhost:3102/_next/static/chunks/0vwm_next_dist_0runn_5._.js:1052
[   10668ms] [ERROR] ./src/server/reflexStore.ts:4:1
Error: Module not found: Can't resolve '@moss-dev/moss'
  2 | import fs from "node:fs";
  3 | import path from "node:path";
> 4 | import { MossClient, type SessionIndex } from "@moss-dev/moss";
    | ^^^^^^^^^^^^^^^^^^^^^^^^^^^^^^^^^^^^^^^^^^^^^^^^^^^^^^^^^^^^^^^
  5 | import type { FeedbackRequest, LearnRequest, LookupRequest, LookupResponse, Reflex } from "...
  6 | import { DIM, embed, warm } from "./embedder";
  7 |

Import trace:
  App Route:
    ./src/server/reflexStore.ts
    ./src/app/api/reflex/stats/route.ts

https://nextjs.org/docs/messages/module-not-found @ http://localhost:3102/_next/static/chunks/0vwm_next_dist_0runn_5._.js:1052
[   15648ms] [ERROR] Failed to load resource: the server responded with a status of 500 (Internal Server Error) @ http://localhost:3102/api/reflex/stats:0
[   15666ms] [ERROR] ./src/server/embedder.ts:15:24
Error: Module not found: Can't resolve '@huggingface/transformers'
  13 |   if (!g.__reflexEmbedder) {
  14 |     g.__reflexEmbedder = (async () => {
> 15 |       const tf = await import("@huggingface/transformers");
     |                        ^^^^^^^^^^^^^^^^^^^^^^^^^^^^^^^^^^^
  16 |       const cacheDir = path.join(process.cwd(), ".cache", "models");
  17 |       tf.env.cacheDir = cacheDir;
  18 |       // Pre-downloaded quantized model → load from disk only (network is unreliable); els...

Import trace:
  App Route:
    ./src/server/embedder.ts
    ./src/server/reflexStore.ts
    ./src/app/api/reflex/stats/route.ts

https://nextjs.org/docs/messages/module-not-found @ http://localhost:3102/_next/static/chunks/0vwm_next_dist_0runn_5._.js:1052
[   15666ms] [ERROR] ./src/server/reflexStore.ts:4:1
Error: Module not found: Can't resolve '@moss-dev/moss'
  2 | import fs from "node:fs";
  3 | import path from "node:path";
> 4 | import { MossClient, type SessionIndex } from "@moss-dev/moss";
    | ^^^^^^^^^^^^^^^^^^^^^^^^^^^^^^^^^^^^^^^^^^^^^^^^^^^^^^^^^^^^^^^
  5 | import type { FeedbackRequest, LearnRequest, LookupRequest, LookupResponse, Reflex } from "...
  6 | import { DIM, embed, warm } from "./embedder";
  7 |

Import trace:
  App Route:
    ./src/server/reflexStore.ts
    ./src/app/api/reflex/stats/route.ts

https://nextjs.org/docs/messages/module-not-found @ http://localhost:3102/_next/static/chunks/0vwm_next_dist_0runn_5._.js:1052
[   20646ms] [ERROR] Failed to load resource: the server responded with a status of 500 (Internal Server Error) @ http://localhost:3102/api/reflex/stats:0
[   20666ms] [ERROR] ./src/server/embedder.ts:15:24
Error: Module not found: Can't resolve '@huggingface/transformers'
  13 |   if (!g.__reflexEmbedder) {
  14 |     g.__reflexEmbedder = (async () => {
> 15 |       const tf = await import("@huggingface/transformers");
     |                        ^^^^^^^^^^^^^^^^^^^^^^^^^^^^^^^^^^^
  16 |       const cacheDir = path.join(process.cwd(), ".cache", "models");
  17 |       tf.env.cacheDir = cacheDir;
  18 |       // Pre-downloaded quantized model → load from disk only (network is unreliable); els...

Import trace:
  App Route:
    ./src/server/embedder.ts
    ./src/server/reflexStore.ts
    ./src/app/api/reflex/stats/route.ts

https://nextjs.org/docs/messages/module-not-found @ http://localhost:3102/_next/static/chunks/0vwm_next_dist_0runn_5._.js:1052
[   20666ms] [ERROR] ./src/server/reflexStore.ts:4:1
Error: Module not found: Can't resolve '@moss-dev/moss'
  2 | import fs from "node:fs";
  3 | import path from "node:path";
> 4 | import { MossClient, type SessionIndex } from "@moss-dev/moss";
    | ^^^^^^^^^^^^^^^^^^^^^^^^^^^^^^^^^^^^^^^^^^^^^^^^^^^^^^^^^^^^^^^
  5 | import type { FeedbackRequest, LearnRequest, LookupRequest, LookupResponse, Reflex } from "...
  6 | import { DIM, embed, warm } from "./embedder";
  7 |

Import trace:
  App Route:
    ./src/server/reflexStore.ts
    ./src/app/api/reflex/stats/route.ts

https://nextjs.org/docs/messages/module-not-found @ http://localhost:3102/_next/static/chunks/0vwm_next_dist_0runn_5._.js:1052
[   21714ms] [ERROR] ./src/server/embedder.ts:15:24
Error: Module not found: Can't resolve '@huggingface/transformers'
  13 |   if (!g.__reflexEmbedder) {
  14 |     g.__reflexEmbedder = (async () => {
> 15 |       const tf = await import("@huggingface/transformers");
     |                        ^^^^^^^^^^^^^^^^^^^^^^^^^^^^^^^^^^^
  16 |       const cacheDir = path.join(process.cwd(), ".cache", "models");
  17 |       tf.env.cacheDir = cacheDir;
  18 |       // Pre-downloaded quantized model → load from disk only (network is unreliable); els...

Import trace:
  App Route:
    ./src/server/embedder.ts
    ./src/server/reflexStore.ts
    ./src/app/api/reflex/stats/route.ts

https://nextjs.org/docs/messages/module-not-found @ http://localhost:3102/_next/static/chunks/0vwm_next_dist_0runn_5._.js:1052
[   21714ms] [ERROR] ./src/server/reflexStore.ts:4:1
Error: Module not found: Can't resolve '@moss-dev/moss'
  2 | import fs from "node:fs";
  3 | import path from "node:path";
> 4 | import { MossClient, type SessionIndex } from "@moss-dev/moss";
    | ^^^^^^^^^^^^^^^^^^^^^^^^^^^^^^^^^^^^^^^^^^^^^^^^^^^^^^^^^^^^^^^
  5 | import type { FeedbackRequest, LearnRequest, LookupRequest, LookupResponse, Reflex } from "...
  6 | import { DIM, embed, warm } from "./embedder";
  7 |

Import trace:
  App Route:
    ./src/server/reflexStore.ts
    ./src/app/api/reflex/stats/route.ts

https://nextjs.org/docs/messages/module-not-found @ http://localhost:3102/_next/static/chunks/0vwm_next_dist_0runn_5._.js:1052
[   21781ms] [LOG] [Fast Refresh] rebuilding @ http://localhost:3102/_next/static/chunks/0vwm_next_dist_0runn_5._.js:776
[   25642ms] [ERROR] Failed to load resource: the server responded with a status of 500 (Internal Server Error) @ http://localhost:3102/api/reflex/stats:0
[   25663ms] [ERROR] ./src/server/embedder.ts:15:24
Error: Module not found: Can't resolve '@huggingface/transformers'
  13 |   if (!g.__reflexEmbedder) {
  14 |     g.__reflexEmbedder = (async () => {
> 15 |       const tf = await import("@huggingface/transformers");
     |                        ^^^^^^^^^^^^^^^^^^^^^^^^^^^^^^^^^^^
  16 |       const cacheDir = path.join(process.cwd(), ".cache", "models");
  17 |       tf.env.cacheDir = cacheDir;
  18 |       // Pre-downloaded quantized model → load from disk only (network is unreliable); els...

Import trace:
  App Route:
    ./src/server/embedder.ts
    ./src/server/reflexStore.ts
    ./src/app/api/reflex/stats/route.ts

https://nextjs.org/docs/messages/module-not-found @ http://localhost:3102/_next/static/chunks/0vwm_next_dist_0runn_5._.js:1052
[   25663ms] [ERROR] ./src/server/reflexStore.ts:4:1
Error: Module not found: Can't resolve '@moss-dev/moss'
  2 | import fs from "node:fs";
  3 | import path from "node:path";
> 4 | import { MossClient, type SessionIndex } from "@moss-dev/moss";
    | ^^^^^^^^^^^^^^^^^^^^^^^^^^^^^^^^^^^^^^^^^^^^^^^^^^^^^^^^^^^^^^^
  5 | import type { FeedbackRequest, LearnRequest, LookupRequest, LookupResponse, Reflex } from "...
  6 | import { DIM, embed, warm } from "./embedder";
  7 |

Import trace:
  App Route:
    ./src/server/reflexStore.ts
    ./src/app/api/reflex/stats/route.ts

https://nextjs.org/docs/messages/module-not-found @ http://localhost:3102/_next/static/chunks/0vwm_next_dist_0runn_5._.js:1052
[   26502ms] [ERROR] ./src/server/embedder.ts:15:24
Error: Module not found: Can't resolve '@huggingface/transformers'
  13 |   if (!g.__reflexEmbedder) {
  14 |     g.__reflexEmbedder = (async () => {
> 15 |       const tf = await import("@huggingface/transformers");
     |                        ^^^^^^^^^^^^^^^^^^^^^^^^^^^^^^^^^^^
  16 |       const cacheDir = path.join(process.cwd(), ".cache", "models");
  17 |       tf.env.cacheDir = cacheDir;
  18 |       // Pre-downloaded quantized model → load from disk only (network is unreliable); els...

Import trace:
  App Route:
    ./src/server/embedder.ts
    ./src/server/reflexStore.ts
    ./src/app/api/reflex/stats/route.ts

https://nextjs.org/docs/messages/module-not-found @ http://localhost:3102/_next/static/chunks/0vwm_next_dist_0runn_5._.js:1052
[   26502ms] [ERROR] ./src/server/reflexStore.ts:4:1
Error: Module not found: Can't resolve '@moss-dev/moss'
  2 | import fs from "node:fs";
  3 | import path from "node:path";
> 4 | import { MossClient, type SessionIndex } from "@moss-dev/moss";
    | ^^^^^^^^^^^^^^^^^^^^^^^^^^^^^^^^^^^^^^^^^^^^^^^^^^^^^^^^^^^^^^^
  5 | import type { FeedbackRequest, LearnRequest, LookupRequest, LookupResponse, Reflex } from "...
  6 | import { DIM, embed, warm } from "./embedder";
  7 |

Import trace:
  App Route:
    ./src/server/reflexStore.ts
    ./src/app/api/reflex/stats/route.ts

https://nextjs.org/docs/messages/module-not-found @ http://localhost:3102/_next/static/chunks/0vwm_next_dist_0runn_5._.js:1052
[   30638ms] [ERROR] Failed to load resource: the server responded with a status of 500 (Internal Server Error) @ http://localhost:3102/api/reflex/stats:0
[   30662ms] [ERROR] ./src/server/embedder.ts:15:24
Error: Module not found: Can't resolve '@huggingface/transformers'
  13 |   if (!g.__reflexEmbedder) {
  14 |     g.__reflexEmbedder = (async () => {
> 15 |       const tf = await import("@huggingface/transformers");
     |                        ^^^^^^^^^^^^^^^^^^^^^^^^^^^^^^^^^^^
  16 |       const cacheDir = path.join(process.cwd(), ".cache", "models");
  17 |       tf.env.cacheDir = cacheDir;
  18 |       // Pre-downloaded quantized model → load from disk only (network is unreliable); els...

Import trace:
  App Route:
    ./src/server/embedder.ts
    ./src/server/reflexStore.ts
    ./src/app/api/reflex/stats/route.ts

https://nextjs.org/docs/messages/module-not-found @ http://localhost:3102/_next/static/chunks/0vwm_next_dist_0runn_5._.js:1052
[   30662ms] [ERROR] ./src/server/reflexStore.ts:4:1
Error: Module not found: Can't resolve '@moss-dev/moss'
  2 | import fs from "node:fs";
  3 | import path from "node:path";
> 4 | import { MossClient, type SessionIndex } from "@moss-dev/moss";
    | ^^^^^^^^^^^^^^^^^^^^^^^^^^^^^^^^^^^^^^^^^^^^^^^^^^^^^^^^^^^^^^^
  5 | import type { FeedbackRequest, LearnRequest, LookupRequest, LookupResponse, Reflex } from "...
  6 | import { DIM, embed, warm } from "./embedder";
  7 |

Import trace:
  App Route:
    ./src/server/reflexStore.ts
    ./src/app/api/reflex/stats/route.ts

https://nextjs.org/docs/messages/module-not-found @ http://localhost:3102/_next/static/chunks/0vwm_next_dist_0runn_5._.js:1052
[   35637ms] [ERROR] Failed to load resource: the server responded with a status of 500 (Internal Server Error) @ http://localhost:3102/api/reflex/stats:0
[   35661ms] [ERROR] ./src/server/embedder.ts:15:24
Error: Module not found: Can't resolve '@huggingface/transformers'
  13 |   if (!g.__reflexEmbedder) {
  14 |     g.__reflexEmbedder = (async () => {
> 15 |       const tf = await import("@huggingface/transformers");
     |                        ^^^^^^^^^^^^^^^^^^^^^^^^^^^^^^^^^^^
  16 |       const cacheDir = path.join(process.cwd(), ".cache", "models");
  17 |       tf.env.cacheDir = cacheDir;
  18 |       // Pre-downloaded quantized model → load from disk only (network is unreliable); els...

Import trace:
  App Route:
    ./src/server/embedder.ts
    ./src/server/reflexStore.ts
    ./src/app/api/reflex/stats/route.ts

https://nextjs.org/docs/messages/module-not-found @ http://localhost:3102/_next/static/chunks/0vwm_next_dist_0runn_5._.js:1052
[   35661ms] [ERROR] ./src/server/reflexStore.ts:4:1
Error: Module not found: Can't resolve '@moss-dev/moss'
  2 | import fs from "node:fs";
  3 | import path from "node:path";
> 4 | import { MossClient, type SessionIndex } from "@moss-dev/moss";
    | ^^^^^^^^^^^^^^^^^^^^^^^^^^^^^^^^^^^^^^^^^^^^^^^^^^^^^^^^^^^^^^^
  5 | import type { FeedbackRequest, LearnRequest, LookupRequest, LookupResponse, Reflex } from "...
  6 | import { DIM, embed, warm } from "./embedder";
  7 |

Import trace:
  App Route:
    ./src/server/reflexStore.ts
    ./src/app/api/reflex/stats/route.ts

https://nextjs.org/docs/messages/module-not-found @ http://localhost:3102/_next/static/chunks/0vwm_next_dist_0runn_5._.js:1052
[   40644ms] [ERROR] Failed to load resource: the server responded with a status of 500 (Internal Server Error) @ http://localhost:3102/api/reflex/stats:0
[   40665ms] [ERROR] ./src/server/embedder.ts:15:24
Error: Module not found: Can't resolve '@huggingface/transformers'
  13 |   if (!g.__reflexEmbedder) {
  14 |     g.__reflexEmbedder = (async () => {
> 15 |       const tf = await import("@huggingface/transformers");
     |                        ^^^^^^^^^^^^^^^^^^^^^^^^^^^^^^^^^^^
  16 |       const cacheDir = path.join(process.cwd(), ".cache", "models");
  17 |       tf.env.cacheDir = cacheDir;
  18 |       // Pre-downloaded quantized model → load from disk only (network is unreliable); els...

Import trace:
  App Route:
    ./src/server/embedder.ts
    ./src/server/reflexStore.ts
    ./src/app/api/reflex/stats/route.ts

https://nextjs.org/docs/messages/module-not-found @ http://localhost:3102/_next/static/chunks/0vwm_next_dist_0runn_5._.js:1052
[   40665ms] [ERROR] ./src/server/reflexStore.ts:4:1
Error: Module not found: Can't resolve '@moss-dev/moss'
  2 | import fs from "node:fs";
  3 | import path from "node:path";
> 4 | import { MossClient, type SessionIndex } from "@moss-dev/moss";
    | ^^^^^^^^^^^^^^^^^^^^^^^^^^^^^^^^^^^^^^^^^^^^^^^^^^^^^^^^^^^^^^^
  5 | import type { FeedbackRequest, LearnRequest, LookupRequest, LookupResponse, Reflex } from "...
  6 | import { DIM, embed, warm } from "./embedder";
  7 |

Import trace:
  App Route:
    ./src/server/reflexStore.ts
    ./src/app/api/reflex/stats/route.ts

https://nextjs.org/docs/messages/module-not-found @ http://localhost:3102/_next/static/chunks/0vwm_next_dist_0runn_5._.js:1052
[   45641ms] [ERROR] Failed to load resource: the server responded with a status of 500 (Internal Server Error) @ http://localhost:3102/api/reflex/stats:0
[   45661ms] [ERROR] ./src/server/embedder.ts:15:24
Error: Module not found: Can't resolve '@huggingface/transformers'
  13 |   if (!g.__reflexEmbedder) {
  14 |     g.__reflexEmbedder = (async () => {
> 15 |       const tf = await import("@huggingface/transformers");
     |                        ^^^^^^^^^^^^^^^^^^^^^^^^^^^^^^^^^^^
  16 |       const cacheDir = path.join(process.cwd(), ".cache", "models");
  17 |       tf.env.cacheDir = cacheDir;
  18 |       // Pre-downloaded quantized model → load from disk only (network is unreliable); els...

Import trace:
  App Route:
    ./src/server/embedder.ts
    ./src/server/reflexStore.ts
    ./src/app/api/reflex/stats/route.ts

https://nextjs.org/docs/messages/module-not-found @ http://localhost:3102/_next/static/chunks/0vwm_next_dist_0runn_5._.js:1052
[   45662ms] [ERROR] ./src/server/reflexStore.ts:4:1
Error: Module not found: Can't resolve '@moss-dev/moss'
  2 | import fs from "node:fs";
  3 | import path from "node:path";
> 4 | import { MossClient, type SessionIndex } from "@moss-dev/moss";
    | ^^^^^^^^^^^^^^^^^^^^^^^^^^^^^^^^^^^^^^^^^^^^^^^^^^^^^^^^^^^^^^^
  5 | import type { FeedbackRequest, LearnRequest, LookupRequest, LookupResponse, Reflex } from "...
  6 | import { DIM, embed, warm } from "./embedder";
  7 |

Import trace:
  App Route:
    ./src/server/reflexStore.ts
    ./src/app/api/reflex/stats/route.ts

https://nextjs.org/docs/messages/module-not-found @ http://localhost:3102/_next/static/chunks/0vwm_next_dist_0runn_5._.js:1052
[   47888ms] [ERROR] ./src/server/embedder.ts:15:24
Error: Module not found: Can't resolve '@huggingface/transformers'
  13 |   if (!g.__reflexEmbedder) {
  14 |     g.__reflexEmbedder = (async () => {
> 15 |       const tf = await import("@huggingface/transformers");
     |                        ^^^^^^^^^^^^^^^^^^^^^^^^^^^^^^^^^^^
  16 |       const cacheDir = path.join(process.cwd(), ".cache", "models");
  17 |       tf.env.cacheDir = cacheDir;
  18 |       // Pre-downloaded quantized model → load from disk only (network is unreliable); els...

Import trace:
  App Route:
    ./src/server/embedder.ts
    ./src/server/reflexStore.ts
    ./src/app/api/reflex/stats/route.ts

https://nextjs.org/docs/messages/module-not-found @ http://localhost:3102/_next/static/chunks/0vwm_next_dist_0runn_5._.js:1052
[   47889ms] [ERROR] ./src/server/reflexStore.ts:4:1
Error: Module not found: Can't resolve '@moss-dev/moss'
  2 | import fs from "node:fs";
  3 | import path from "node:path";
> 4 | import { MossClient, type SessionIndex } from "@moss-dev/moss";
    | ^^^^^^^^^^^^^^^^^^^^^^^^^^^^^^^^^^^^^^^^^^^^^^^^^^^^^^^^^^^^^^^
  5 | import type { FeedbackRequest, LearnRequest, LookupRequest, LookupResponse, Reflex } from "...
  6 | import { DIM, embed, warm } from "./embedder";
  7 |

Import trace:
  App Route:
    ./src/server/reflexStore.ts
    ./src/app/api/reflex/stats/route.ts

https://nextjs.org/docs/messages/module-not-found @ http://localhost:3102/_next/static/chunks/0vwm_next_dist_0runn_5._.js:1052
[   47956ms] [LOG] [Fast Refresh] rebuilding @ http://localhost:3102/_next/static/chunks/0vwm_next_dist_0runn_5._.js:776
[   50642ms] [ERROR] Failed to load resource: the server responded with a status of 500 (Internal Server Error) @ http://localhost:3102/api/reflex/stats:0
[   50664ms] [ERROR] ./src/server/embedder.ts:15:24
Error: Module not found: Can't resolve '@huggingface/transformers'
  13 |   if (!g.__reflexEmbedder) {
  14 |     g.__reflexEmbedder = (async () => {
> 15 |       const tf = await import("@huggingface/transformers");
     |                        ^^^^^^^^^^^^^^^^^^^^^^^^^^^^^^^^^^^
  16 |       const cacheDir = path.join(process.cwd(), ".cache", "models");
  17 |       tf.env.cacheDir = cacheDir;
  18 |       // Pre-downloaded quantized model → load from disk only (network is unreliable); els...

Import trace:
  App Route:
    ./src/server/embedder.ts
    ./src/server/reflexStore.ts
    ./src/app/api/reflex/stats/route.ts

https://nextjs.org/docs/messages/module-not-found @ http://localhost:3102/_next/static/chunks/0vwm_next_dist_0runn_5._.js:1052
[   50664ms] [ERROR] ./src/server/reflexStore.ts:4:1
Error: Module not found: Can't resolve '@moss-dev/moss'
  2 | import fs from "node:fs";
  3 | import path from "node:path";
> 4 | import { MossClient, type SessionIndex } from "@moss-dev/moss";
    | ^^^^^^^^^^^^^^^^^^^^^^^^^^^^^^^^^^^^^^^^^^^^^^^^^^^^^^^^^^^^^^^
  5 | import type { FeedbackRequest, LearnRequest, LookupRequest, LookupResponse, Reflex } from "...
  6 | import { DIM, embed, warm } from "./embedder";
  7 |

Import trace:
  App Route:
    ./src/server/reflexStore.ts
    ./src/app/api/reflex/stats/route.ts

https://nextjs.org/docs/messages/module-not-found @ http://localhost:3102/_next/static/chunks/0vwm_next_dist_0runn_5._.js:1052
[   55642ms] [ERROR] Failed to load resource: the server responded with a status of 500 (Internal Server Error) @ http://localhost:3102/api/reflex/stats:0
[   55662ms] [ERROR] ./src/server/embedder.ts:15:24
Error: Module not found: Can't resolve '@huggingface/transformers'
  13 |   if (!g.__reflexEmbedder) {
  14 |     g.__reflexEmbedder = (async () => {
> 15 |       const tf = await import("@huggingface/transformers");
     |                        ^^^^^^^^^^^^^^^^^^^^^^^^^^^^^^^^^^^
  16 |       const cacheDir = path.join(process.cwd(), ".cache", "models");
  17 |       tf.env.cacheDir = cacheDir;
  18 |       // Pre-downloaded quantized model → load from disk only (network is unreliable); els...

Import trace:
  App Route:
    ./src/server/embedder.ts
    ./src/server/reflexStore.ts
    ./src/app/api/reflex/stats/route.ts

https://nextjs.org/docs/messages/module-not-found @ http://localhost:3102/_next/static/chunks/0vwm_next_dist_0runn_5._.js:1052
[   55662ms] [ERROR] ./src/server/reflexStore.ts:4:1
Error: Module not found: Can't resolve '@moss-dev/moss'
  2 | import fs from "node:fs";
  3 | import path from "node:path";
> 4 | import { MossClient, type SessionIndex } from "@moss-dev/moss";
    | ^^^^^^^^^^^^^^^^^^^^^^^^^^^^^^^^^^^^^^^^^^^^^^^^^^^^^^^^^^^^^^^
  5 | import type { FeedbackRequest, LearnRequest, LookupRequest, LookupResponse, Reflex } from "...
  6 | import { DIM, embed, warm } from "./embedder";
  7 |

Import trace:
  App Route:
    ./src/server/reflexStore.ts
    ./src/app/api/reflex/stats/route.ts

https://nextjs.org/docs/messages/module-not-found @ http://localhost:3102/_next/static/chunks/0vwm_next_dist_0runn_5._.js:1052
[   60421ms] [ERROR] ./src/server/embedder.ts:15:24
Error: Module not found: Can't resolve '@huggingface/transformers'
  13 |   if (!g.__reflexEmbedder) {
  14 |     g.__reflexEmbedder = (async () => {
> 15 |       const tf = await import("@huggingface/transformers");
     |                        ^^^^^^^^^^^^^^^^^^^^^^^^^^^^^^^^^^^
  16 |       const cacheDir = path.join(process.cwd(), ".cache", "models");
  17 |       tf.env.cacheDir = cacheDir;
  18 |       // Pre-downloaded quantized model → load from disk only (network is unreliable); els...

Import trace:
  App Route:
    ./src/server/embedder.ts
    ./src/server/reflexStore.ts
    ./src/app/api/reflex/stats/route.ts

https://nextjs.org/docs/messages/module-not-found @ http://localhost:3102/_next/static/chunks/0vwm_next_dist_0runn_5._.js:1052
[   60421ms] [ERROR] ./src/server/reflexStore.ts:4:1
Error: Module not found: Can't resolve '@moss-dev/moss'
  2 | import fs from "node:fs";
  3 | import path from "node:path";
> 4 | import { MossClient, type SessionIndex } from "@moss-dev/moss";
    | ^^^^^^^^^^^^^^^^^^^^^^^^^^^^^^^^^^^^^^^^^^^^^^^^^^^^^^^^^^^^^^^
  5 | import type { FeedbackRequest, LearnRequest, LookupRequest, LookupResponse, Reflex } from "...
  6 | import { DIM, embed, warm } from "./embedder";
  7 |

Import trace:
  App Route:
    ./src/server/reflexStore.ts
    ./src/app/api/reflex/stats/route.ts

https://nextjs.org/docs/messages/module-not-found @ http://localhost:3102/_next/static/chunks/0vwm_next_dist_0runn_5._.js:1052
[   60491ms] [LOG] [Fast Refresh] rebuilding @ http://localhost:3102/_next/static/chunks/0vwm_next_dist_0runn_5._.js:776
[   60635ms] [ERROR] Failed to load resource: the server responded with a status of 500 (Internal Server Error) @ http://localhost:3102/api/reflex/stats:0
[   60660ms] [ERROR] ./src/server/embedder.ts:15:24
Error: Module not found: Can't resolve '@huggingface/transformers'
  13 |   if (!g.__reflexEmbedder) {
  14 |     g.__reflexEmbedder = (async () => {
> 15 |       const tf = await import("@huggingface/transformers");
     |                        ^^^^^^^^^^^^^^^^^^^^^^^^^^^^^^^^^^^
  16 |       const cacheDir = path.join(process.cwd(), ".cache", "models");
  17 |       tf.env.cacheDir = cacheDir;
  18 |       // Pre-downloaded quantized model → load from disk only (network is unreliable); els...

Import trace:
  App Route:
    ./src/server/embedder.ts
    ./src/server/reflexStore.ts
    ./src/app/api/reflex/stats/route.ts

https://nextjs.org/docs/messages/module-not-found @ http://localhost:3102/_next/static/chunks/0vwm_next_dist_0runn_5._.js:1052
[   60660ms] [ERROR] ./src/server/reflexStore.ts:4:1
Error: Module not found: Can't resolve '@moss-dev/moss'
  2 | import fs from "node:fs";
  3 | import path from "node:path";
> 4 | import { MossClient, type SessionIndex } from "@moss-dev/moss";
    | ^^^^^^^^^^^^^^^^^^^^^^^^^^^^^^^^^^^^^^^^^^^^^^^^^^^^^^^^^^^^^^^
  5 | import type { FeedbackRequest, LearnRequest, LookupRequest, LookupResponse, Reflex } from "...
  6 | import { DIM, embed, warm } from "./embedder";
  7 |

Import trace:
  App Route:
    ./src/server/reflexStore.ts
    ./src/app/api/reflex/stats/route.ts

https://nextjs.org/docs/messages/module-not-found @ http://localhost:3102/_next/static/chunks/0vwm_next_dist_0runn_5._.js:1052
[   65654ms] [ERROR] Failed to load resource: the server responded with a status of 500 (Internal Server Error) @ http://localhost:3102/api/reflex/stats:0
[   65676ms] [ERROR] ./src/server/embedder.ts:15:24
Error: Module not found: Can't resolve '@huggingface/transformers'
  13 |   if (!g.__reflexEmbedder) {
  14 |     g.__reflexEmbedder = (async () => {
> 15 |       const tf = await import("@huggingface/transformers");
     |                        ^^^^^^^^^^^^^^^^^^^^^^^^^^^^^^^^^^^
  16 |       const cacheDir = path.join(process.cwd(), ".cache", "models");
  17 |       tf.env.cacheDir = cacheDir;
  18 |       // Pre-downloaded quantized model → load from disk only (network is unreliable); els...

Import trace:
  App Route:
    ./src/server/embedder.ts
    ./src/server/reflexStore.ts
    ./src/app/api/reflex/stats/route.ts

https://nextjs.org/docs/messages/module-not-found @ http://localhost:3102/_next/static/chunks/0vwm_next_dist_0runn_5._.js:1052
[   65677ms] [ERROR] ./src/server/reflexStore.ts:4:1
Error: Module not found: Can't resolve '@moss-dev/moss'
  2 | import fs from "node:fs";
  3 | import path from "node:path";
> 4 | import { MossClient, type SessionIndex } from "@moss-dev/moss";
    | ^^^^^^^^^^^^^^^^^^^^^^^^^^^^^^^^^^^^^^^^^^^^^^^^^^^^^^^^^^^^^^^
  5 | import type { FeedbackRequest, LearnRequest, LookupRequest, LookupResponse, Reflex } from "...
  6 | import { DIM, embed, warm } from "./embedder";
  7 |

Import trace:
  App Route:
    ./src/server/reflexStore.ts
    ./src/app/api/reflex/stats/route.ts

https://nextjs.org/docs/messages/module-not-found @ http://localhost:3102/_next/static/chunks/0vwm_next_dist_0runn_5._.js:1052
